<html>
<body>
<pre>
<h1>礦ision Build Log</h1>
<h2>Tool Versions:</h2>
IDE-Version: μVision V5.33.0.0
Copyright (C) 2020 ARM Ltd and ARM Germany GmbH. All rights reserved.
License Information: 软件管家 小e不会飞, www.softgj.com, LIC=KIVNB-2NXR2-065QU-SHCU9-8NH07-D4ARK
 
Tool Versions:
Toolchain:       MDK-ARM Professional  Version: 5.33.0.0
Toolchain Path:  D:\APPinstall\keil_v5\ARM\ARMCC\Bin
C Compiler:      Armcc.exe V5.06 update 7 (build 960)
Assembler:       Armasm.exe V5.06 update 7 (build 960)
Linker/Locator:  ArmLink.exe V5.06 update 7 (build 960)
Library Manager: ArmAr.exe V5.06 update 7 (build 960)
Hex Converter:   FromElf.exe V5.06 update 7 (build 960)
CPU DLL:         SARMCM3.DLL V5.33.0.0
Dialog DLL:      DCM.DLL V1.17.3.0
Target DLL:      STLink\ST-LINKIII-KEIL_SWO.dll V3.0.8.0
Dialog DLL:      TCM.DLL V1.48.0.0
 
<h2>Project:</h2>
D:\CODE\Drivers\实验4 串口实验\USER\USART.uvprojx
Project File Date:  11/01/2023

<h2>Output:</h2>
*** Using Compiler 'V5.06 update 7 (build 960)', folder: 'D:\APPinstall\keil_v5\ARM\ARMCC\Bin'
Build target 'USART'
assembling startup_stm32f10x_hd.s...
compiling core_cm3.c...
compiling key.c...
compiling led.c...
compiling delay.c...
compiling misc.c...
compiling stm32f10x_it.c...
compiling usart.c...
compiling main.c...
main.c(19): warning:  #177-D: variable "t"  was declared but never referenced
   	u16 t;  
main.c(20): warning:  #177-D: variable "len"  was declared but never referenced
  	u16 len;	
main.c: 2 warnings, 0 errors
compiling system_stm32f10x.c...
compiling stm32f10x_gpio.c...
compiling sys.c...
compiling stm32f10x_rcc.c...
compiling stm32f10x_usart.c...
linking...
Program Size: Code=4740 RO-data=336 RW-data=52 ZI-data=1836  
FromELF: creating hex file...
"..\OBJ\USART.axf" - 0 Error(s), 2 Warning(s).

<h2>Software Packages used:</h2>

Package Vendor: Keil
                https://www.keil.com/pack/Keil.STM32F1xx_DFP.2.4.1.pack
                Keil.STM32F1xx_DFP.2.4.1
                STMicroelectronics STM32F1 Series Device Support, Drivers and Examples

<h2>Collection of Component include folders:</h2>
  D:\APPinstall\keil_ARM_Packs\Keil\STM32F1xx_DFP\2.4.1\Device\Include

<h2>Collection of Component Files used:</h2>
Build Time Elapsed:  00:00:01
</pre>
</body>
</html>
